============================= test session starts =============================
platform win32 -- Python 3.11.9, pytest-9.0.1, pluggy-1.6.0 -- C:\Users\vinay\AppData\Local\Microsoft\WindowsApps\PythonSoftwareFoundation.Python.3.11_qbz5n2kfra8p0\python.exe
cachedir: .pytest_cache
rootdir: D:\newprojectbtai\backend
configfile: pytest.ini
plugins: anyio-3.7.1, Faker-38.2.0, asyncio-1.3.0, cov-7.0.0
asyncio: mode=Mode.STRICT, debug=False, asyncio_default_fixture_loop_scope=None, asyncio_default_test_loop_scope=function
collecting ... collected 102 items

tests/test_auth.py::TestLogin::test_login_with_email_success PASSED      [  0%]
tests/test_auth.py::TestLogin::test_login_with_phone_success PASSED      [  1%]
tests/test_auth.py::TestLogin::test_login_with_invalid_email PASSED      [  2%]
tests/test_auth.py::TestLogin::test_login_with_wrong_password PASSED     [  3%]
tests/test_auth.py::TestLogin::test_login_with_invalid_phone_format PASSED [  4%]
tests/test_auth.py::TestLogin::test_admin_login_success PASSED           [  5%]
tests/test_auth.py::TestLogin::test_token_structure PASSED               [  6%]
tests/test_auth.py::TestRegistration::test_register_customer_with_email PASSED [  7%]
tests/test_auth.py::TestRegistration::test_register_customer_with_phone PASSED [  8%]
tests/test_auth.py::TestRegistration::test_register_duplicate_email PASSED [  9%]
tests/test_auth.py::TestRegistration::test_register_duplicate_phone PASSED [ 10%]
tests/test_auth.py::TestRegistration::test_register_assigns_customer_role PASSED [ 11%]
tests/test_auth.py::TestRegistration::test_register_without_default_customer_type_fails PASSED [ 12%]
tests/test_auth.py::TestPasswordReset::test_forgot_password_success PASSED [ 13%]
tests/test_auth.py::TestPasswordReset::test_forgot_password_nonexistent_email PASSED [ 14%]
tests/test_auth.py::TestPasswordReset::test_reset_password_with_valid_token FAILED [ 15%]
tests/test_auth.py::TestPasswordReset::test_reset_password_with_invalid_token FAILED [ 16%]
tests/test_auth.py::TestPasswordReset::test_reset_password_with_expired_token PASSED [ 17%]
tests/test_auth.py::TestAuthenticationEdgeCases::test_login_without_credentials PASSED [ 18%]
tests/test_auth.py::TestAuthenticationEdgeCases::test_register_without_email_or_phone PASSED [ 19%]
tests/test_auth.py::TestAuthenticationEdgeCases::test_access_protected_endpoint_without_token PASSED [ 20%]
tests/test_auth.py::TestAuthenticationEdgeCases::test_access_protected_endpoint_with_invalid_token PASSED [ 21%]
tests/test_company_info.py::TestCompanyInfo::test_customer_can_view_own_company_info PASSED [ 22%]
tests/test_company_info.py::TestCompanyInfo::test_customer_can_update_own_company_info PASSED [ 23%]
tests/test_company_info.py::TestCompanyInfo::test_customer_cannot_view_other_company_info PASSED [ 24%]
tests/test_company_info.py::TestCompanyInfo::test_admin_can_view_all_company_info PASSED [ 25%]
tests/test_company_info.py::TestCompanyInfo::test_admin_can_update_any_company_info PASSED [ 26%]
tests/test_company_products.py::TestCompanyProductsCRUD::test_customer_can_create_product PASSED [ 27%]
tests/test_company_products.py::TestCompanyProductsCRUD::test_customer_can_list_own_products PASSED [ 28%]
tests/test_company_products.py::TestCompanyProductsCRUD::test_customer_cannot_access_other_tenant_products PASSED [ 29%]
tests/test_company_products.py::TestCompanyProductsCRUD::test_admin_can_view_all_products PASSED [ 30%]
tests/test_company_services.py::TestCompanyServicesCRUD::test_customer_can_create_service PASSED [ 31%]
tests/test_company_services.py::TestCompanyServicesCRUD::test_customer_can_list_own_services PASSED [ 32%]
tests/test_company_services.py::TestCompanyServicesCRUD::test_customer_can_get_service_by_id PASSED [ 33%]
tests/test_company_services.py::TestCompanyServicesCRUD::test_customer_can_update_own_service PASSED [ 34%]
tests/test_company_services.py::TestCompanyServicesCRUD::test_customer_can_delete_own_service PASSED [ 35%]
tests/test_company_services.py::TestCompanyServicesAdminAccess::test_admin_can_view_all_services PASSED [ 36%]
tests/test_company_services.py::TestCompanyServicesAdminAccess::test_admin_can_update_any_service PASSED [ 37%]
tests/test_integration_workflows.py::TestCustomerOnboarding::test_complete_customer_registration_flow FAILED [ 38%]
tests/test_integration_workflows.py::TestSubscriptionLifecycle::test_subscription_creation_to_expiry_flow FAILED [ 39%]
tests/test_integration_workflows.py::TestMultiTenantWorkflow::test_two_customers_complete_isolation FAILED [ 40%]
tests/test_integration_workflows.py::TestCrossModuleWorkflows::test_customer_creates_complete_portfolio FAILED [ 41%]
tests/test_rbac.py::TestRoleAssignment::test_admin_has_admin_role PASSED [ 42%]
tests/test_rbac.py::TestRoleAssignment::test_customer_has_customer_role PASSED [ 43%]
tests/test_rbac.py::TestRoleAssignment::test_user_can_have_multiple_roles PASSED [ 44%]
tests/test_rbac.py::TestAdminEndpointAccess::test_admin_can_access_admin_dashboard PASSED [ 45%]
tests/test_rbac.py::TestAdminEndpointAccess::test_customer_cannot_access_admin_dashboard FAILED [ 46%]
tests/test_rbac.py::TestAdminEndpointAccess::test_admin_can_view_all_users PASSED [ 47%]
tests/test_rbac.py::TestAdminEndpointAccess::test_customer_cannot_view_all_users PASSED [ 48%]
tests/test_rbac.py::TestAdminEndpointAccess::test_admin_can_access_subscription_management PASSED [ 49%]
tests/test_rbac.py::TestAdminEndpointAccess::test_customer_cannot_access_subscription_management PASSED [ 50%]
tests/test_rbac.py::TestAdminEndpointAccess::test_admin_can_view_all_company_data PASSED [ 50%]
tests/test_rbac.py::TestAdminEndpointAccess::test_customer_cannot_access_admin_company_routes PASSED [ 51%]
tests/test_rbac.py::TestCustomerEndpointAccess::test_customer_can_access_own_profile PASSED [ 52%]
tests/test_rbac.py::TestCustomerEndpointAccess::test_customer_can_access_company_info PASSED [ 53%]
tests/test_rbac.py::TestCustomerEndpointAccess::test_customer_can_view_own_subscription PASSED [ 54%]
tests/test_rbac.py::TestCustomerEndpointAccess::test_admin_cannot_access_customer_routes PASSED [ 55%]
tests/test_rbac.py::TestPublicEndpointAccess::test_root_endpoint_public PASSED [ 56%]
tests/test_rbac.py::TestPublicEndpointAccess::test_health_check_public PASSED [ 57%]
tests/test_rbac.py::TestPublicEndpointAccess::test_docs_endpoint_public PASSED [ 58%]
tests/test_rbac.py::TestPublicEndpointAccess::test_openapi_endpoint_public PASSED [ 59%]
tests/test_rbac.py::TestRoleBasedDataAccess::test_admin_sees_all_tenants_data PASSED [ 60%]
tests/test_rbac.py::TestRoleBasedDataAccess::test_customer_sees_only_own_data PASSED [ 61%]
tests/test_rbac.py::TestUnauthorizedAccess::test_no_token_returns_401 PASSED [ 62%]
tests/test_rbac.py::TestUnauthorizedAccess::test_invalid_token_returns_401 PASSED [ 63%]
tests/test_rbac.py::TestUnauthorizedAccess::test_malformed_auth_header_returns_401 PASSED [ 64%]
tests/test_rbac.py::TestUnauthorizedAccess::test_expired_token_returns_401 PASSED [ 65%]
tests/test_rbac.py::TestPermissionDependencies::test_has_role_admin_allows_admin FAILED [ 66%]
tests/test_rbac.py::TestPermissionDependencies::test_has_role_admin_blocks_customer PASSED [ 67%]
tests/test_rbac.py::TestPermissionDependencies::test_has_role_customer_allows_customer PASSED [ 68%]
tests/test_rbac.py::TestPermissionDependencies::test_has_role_customer_blocks_admin PASSED [ 69%]
tests/test_subscriptions.py::TestSubscriptionPlans::test_admin_can_create_subscription_plan PASSED [ 70%]
tests/test_subscriptions.py::TestSubscriptionPlans::test_admin_can_list_subscription_plans PASSED [ 71%]
tests/test_subscriptions.py::TestSubscriptionPlans::test_admin_can_update_subscription_plan PASSED [ 72%]
tests/test_subscriptions.py::TestSubscriptionPlans::test_only_one_default_plan_allowed PASSED [ 73%]
tests/test_subscriptions.py::TestSubscriptionPlans::test_customer_cannot_create_subscription_plan PASSED [ 74%]
tests/test_subscriptions.py::TestCustomerSubscriptions::test_customer_has_subscription_after_registration PASSED [ 75%]
tests/test_subscriptions.py::TestCustomerSubscriptions::test_admin_can_assign_subscription_to_customer PASSED [ 76%]
tests/test_subscriptions.py::TestCustomerSubscriptions::test_admin_can_view_all_customer_subscriptions PASSED [ 77%]
tests/test_subscriptions.py::TestCustomerSubscriptions::test_admin_can_cancel_customer_subscription PASSED [ 78%]
tests/test_subscriptions.py::TestCustomerSubscriptions::test_admin_can_renew_customer_subscription PASSED [ 79%]
tests/test_subscriptions.py::TestSubscriptionStatus::test_active_subscription_allows_access PASSED [ 80%]
tests/test_subscriptions.py::TestSubscriptionStatus::test_expired_subscription_blocks_access PASSED [ 81%]
tests/test_subscriptions.py::TestSubscriptionStatus::test_subscription_expiry_date_calculation PASSED [ 82%]
tests/test_subscriptions.py::TestSubscriptionFeatures::test_subscription_includes_feature_limits PASSED [ 83%]
tests/test_subscriptions.py::TestSubscriptionFeatures::test_trial_period_configuration PASSED [ 84%]
tests/test_subscriptions.py::TestSubscriptionEdgeCases::test_cannot_delete_default_subscription_plan PASSED [ 85%]
tests/test_subscriptions.py::TestSubscriptionEdgeCases::test_customer_cannot_modify_own_subscription PASSED [ 86%]
tests/test_subscriptions.py::TestSubscriptionEdgeCases::test_admin_bypass_subscription_check PASSED [ 87%]
tests/test_tenant_isolation.py::TestTenantIsolation::test_customer_sees_only_own_company_info PASSED [ 88%]
tests/test_tenant_isolation.py::TestTenantIsolation::test_customer_cannot_access_other_tenant_data_by_id PASSED [ 89%]
tests/test_tenant_isolation.py::TestTenantIsolation::test_customer_cannot_update_other_tenant_data PASSED [ 90%]
tests/test_tenant_isolation.py::TestTenantIsolation::test_customer_cannot_delete_other_tenant_data PASSED [ 91%]
tests/test_tenant_isolation.py::TestTenantIsolation::test_customer_list_shows_only_own_data PASSED [ 92%]
tests/test_tenant_isolation.py::TestAdminBypassTenantFiltering::test_admin_sees_all_tenants_services PASSED [ 93%]
tests/test_tenant_isolation.py::TestAdminBypassTenantFiltering::test_admin_can_access_any_tenant_data_by_id PASSED [ 94%]
tests/test_tenant_isolation.py::TestAdminBypassTenantFiltering::test_admin_can_update_any_tenant_data PASSED [ 95%]
tests/test_tenant_isolation.py::TestTenantIsolationAcrossModules::test_products_tenant_isolation PASSED [ 96%]
tests/test_tenant_isolation.py::TestTenantIsolationAcrossModules::test_projects_tenant_isolation PASSED [ 97%]
tests/test_tenant_isolation.py::TestTenantContextClearing::test_tenant_context_isolated_between_requests PASSED [ 98%]
tests/test_tenant_isolation.py::TestTenantIsolationEdgeCases::test_cannot_create_data_for_other_tenant PASSED [ 99%]
tests/test_tenant_isolation.py::TestTenantIsolationEdgeCases::test_empty_list_for_tenant_with_no_data PASSED [100%]

================================== FAILURES ===================================
___________ TestPasswordReset.test_reset_password_with_valid_token ____________
tests\test_auth.py:312: in test_reset_password_with_valid_token
    assert response.status_code == 200
E   assert 422 == 200
E    +  where 422 = <Response [422 Unprocessable Entity]>.status_code
__________ TestPasswordReset.test_reset_password_with_invalid_token ___________
tests\test_auth.py:333: in test_reset_password_with_invalid_token
    assert "Invalid or expired reset token" in response.json()["detail"]
E   AssertionError: assert 'Invalid or expired reset token' in [{'type': 'value_error', 'loc': ['body', 'new_password'], 'msg': 'Value error, Password must contain at least one uppercase letter', 'input': 'newpassword123', 'ctx': {'error': {}}, 'url': 'https://errors.pydantic.dev/2.11/v/value_error'}]
_______ TestCustomerOnboarding.test_complete_customer_registration_flow _______
tests\test_integration_workflows.py:40: in test_complete_customer_registration_flow
    assert register_response.status_code == 201
E   assert 200 == 201
E    +  where 200 = <Response [200 OK]>.status_code
_____ TestSubscriptionLifecycle.test_subscription_creation_to_expiry_flow _____
tests\test_integration_workflows.py:142: in test_subscription_creation_to_expiry_flow
    assert renew_response.status_code == 200
E   assert 404 == 200
E    +  where 404 = <Response [404 Not Found]>.status_code
________ TestMultiTenantWorkflow.test_two_customers_complete_isolation ________
tests\test_integration_workflows.py:175: in test_two_customers_complete_isolation
    assert service1_response.status_code == 201
E   assert 200 == 201
E    +  where 200 = <Response [200 OK]>.status_code
______ TestCrossModuleWorkflows.test_customer_creates_complete_portfolio ______
tests\test_integration_workflows.py:265: in test_customer_creates_complete_portfolio
    assert service_response.status_code == 201
E   assert 200 == 201
E    +  where 200 = <Response [200 OK]>.status_code
_____ TestAdminEndpointAccess.test_customer_cannot_access_admin_dashboard _____
tests\test_rbac.py:68: in test_customer_cannot_access_admin_dashboard
    assert response.status_code == 403
E   assert 404 == 403
E    +  where 404 = <Response [404 Not Found]>.status_code
_________ TestPermissionDependencies.test_has_role_admin_allows_admin _________
tests\test_rbac.py:283: in test_has_role_admin_allows_admin
    assert response.status_code == 200
E   assert 403 == 200
E    +  where 403 = <Response [403 Forbidden]>.status_code
=========================== short test summary info ===========================
FAILED tests/test_auth.py::TestPasswordReset::test_reset_password_with_valid_token - assert 422 == 200
 +  where 422 = <Response [422 Unprocessable Entity]>.status_code
FAILED tests/test_auth.py::TestPasswordReset::test_reset_password_with_invalid_token - AssertionError: assert 'Invalid or expired reset token' in [{'type': 'value_error', 'loc': ['body', 'new_password'], 'msg': 'Value error, Password must contain at least one uppercase letter', 'input': 'newpassword123', 'ctx': {'error': {}}, 'url': 'https://errors.pydantic.dev/2.11/v/value_error'}]
FAILED tests/test_integration_workflows.py::TestCustomerOnboarding::test_complete_customer_registration_flow - assert 200 == 201
 +  where 200 = <Response [200 OK]>.status_code
FAILED tests/test_integration_workflows.py::TestSubscriptionLifecycle::test_subscription_creation_to_expiry_flow - assert 404 == 200
 +  where 404 = <Response [404 Not Found]>.status_code
FAILED tests/test_integration_workflows.py::TestMultiTenantWorkflow::test_two_customers_complete_isolation - assert 200 == 201
 +  where 200 = <Response [200 OK]>.status_code
FAILED tests/test_integration_workflows.py::TestCrossModuleWorkflows::test_customer_creates_complete_portfolio - assert 200 == 201
 +  where 200 = <Response [200 OK]>.status_code
FAILED tests/test_rbac.py::TestAdminEndpointAccess::test_customer_cannot_access_admin_dashboard - assert 404 == 403
 +  where 404 = <Response [404 Not Found]>.status_code
FAILED tests/test_rbac.py::TestPermissionDependencies::test_has_role_admin_allows_admin - assert 403 == 200
 +  where 403 = <Response [403 Forbidden]>.status_code
================= 8 failed, 94 passed, 92 warnings in 46.38s ==================
